# Veuillez ne pas éditer le fichier map à la main.
# Utilisez plutôt l'éditeur de carte intégré au jeu.
NAME First Map
PLAYER A
PLAYER B
PLAYER C
PLAYER D
X 36
Y 22
MAP
mAAAmmAAAmmAAAmmAAAgmAAAbmAAAbmAAAbmAAAbmAAAbmAB*hmAB*mmAB*mmAB*mmNA*mmNA*mmNA*mmNA*mmNA*mmNE*mmNE*mmNE*mmNE*mmNE*mmDA*gmDA*bmDA*bmDA*bmDBDhmDBDmmDBDmmDCDmmDCDmmDCDmmDCDmmDCDmmDCDm
mAAAmmAAAmmAAAmmAAAdtAAAttAAAttAAAttAAAttAAAtmAB*cmAB*mmAB*mmAB*mmNA*gmNA*bmNA*bmNA*bmNA*bmNE*bmNE*bmNE*bmNE*bmNE*hmDA*dtDA*ttDA*ttDA*tmDBDcmDBDmmDBDgmDCDbmDCDbmDCDbmDCDbmDCDhmDCDm
mAAAmmAAAmmAAAgmAAAktAAAttAAAttAAAttAAAttAAAtmAB*lmAB*bmAB*bmAB*hmNA*dtNA*ttNA*ttNA*ttNA*ttNE*ttNE*ttNE*ttNE*tmNE*cmDA*dtDA*ttDA*ttDA*tmDBDcmDBDgmDBDktDCDttDCDttDCDttDCDtmDCDcmDCDm
mAAAmmAAAmmAAAdtAAAttAAAttAAAttAAAttAAAttAAAttAB*ttAB*ttAB*tmAB*cmNA*dtNA*ttNA*ttNA*ttNA*ttNE*ttNE*ttNE*ttNE*tmNE*cmDA*dtDA*ttDA*ttDA*tmDBDlmDBDktDBDttDCDttDCDttDCDttDCDtmDCDlmDCDh
mAAAmmAAAmmAAAdtAAAttAAAttAAAttAAAttAAAttAAAttAB*ttAB*ttAB*tmAB*cmNA*dtNA*ttNA*ttNA*ttNA*ttNE*ttNE*ttNE*ttNE*tmNE*cmDA*dtDA*ttDA*ttDA*ttDBDttDBDttDBDttDCDttDCDttDCDttDCDttDCDtmDCDc
mADAmmADAgmADAktADAttADAttACAttACAttACAttACAttAB*ttAB*ttAB*tpAB*ppNA*qtNA*ttNA*ttNA*ttNA*ttNE*ttNE*ttNE*ttNE*tpNE*ppDA*qtDA*ttDA*ttDA*ttDBDttDBDttDBDttDCDttDCDttDCDttDCDttDCDtmDCDc
mADAmmADAdtADAttADAttADAttACAttACAttACAttACAttAB*ttAB*ttAB*tmAB*cmNB*dtNB*ttNB*ttNB*ttNB*ttNF*ttNF*ttNF*ttNF*tmNF*cmDBDdtDBDttDBDttDBDttDBDttDBDttDBDttDBDttDEDttDEDttDEDttDEDtmDEDc
mADAgmADAktADAttADAttADAttACAttACAttACAttACAttAB*ttAB*ttAB*tmAB*cmNB*dtNB*ttNB*ttNB*ttNB*ttNF*ttNF*ttNF*ttNF*tmNF*cmDBDdtDBDttDBDttDBDttDBDttDBDttDBDttDBDttDEDttDEDttDEDttDEDtmDEDc
mADAdtADAttADAttADAttADAttAE*ttAE*ttAE*ttAE*ttAE*ttAE*ttAE*tmAB*cmNB*dtNB*ttNB*ttNB*ttNB*ttNF*ttNF*ttNF*ttNF*tmNF*cmDD*dtDD*ttDD*ttDD*ttDD*ttDD*ttDD*ttDD*ttDEDttDEDttDEDttDEDtmDEDc
mADAdtADAttADAttADAttADAttAE*ttAE*ttAE*ttAE*ttAE*ttAE*tmAE*jmAE*emNB*fmNB*apNB*rmNB*amNB*amNF*amNF*apNF*rmNF*amNF*emDD*fmDD*itDD*ttDD*ttDD*ttDD*ttDD*ttDD*ttDEDttDEDttDEDttDEDtmDEDc
mBABdtBABttBABttBABttBABttAE*ttAE*ttAE*ttAE*ttAE*ttAE*tmAE*cmAE*mmNC*mmNC*mpNC*omNC*mmNC*mmNG*mmNG*mpNG*omNG*mmNG*mmDD*gmDD*ktDD*ttDD*ttDD*ttDD*ttDD*ttDD*ttDEDttDEDttDEDttDEDtmDEDc
mBABdtBABttBABttBABttBABttAE*ttAE*ttBD*ttBD*ttBD*ttBD*tmBD*cmBD*mmNC*gmNC*bpNC*smNC*bmNC*bmNG*bmNG*bpNG*smNG*bmNG*hmCA*dtCA*ttCA*ttCA*ttDD*ttDD*ttDD*ttDD*ttCCCttCCCttCCCttCCCtmCCCc
mBABdtBABttBABttBABttBABttBBBttBBBttBD*ttBD*ttBD*ttBD*tmBD*lmBD*hmNC*dtNC*ttNC*ttNC*ttNC*ttNG*ttNG*ttNG*ttNG*tmNG*cmCA*dtCA*ttCA*ttCA*ttDD*ttDD*ttDD*ttDD*ttCCCttCCCttCCCttCCCtmCCCc
mBABdtBABttBABttBABttBABttBBBttBBBttBD*ttBD*ttBD*ttBD*ttBD*tmBD*cmNC*dtNC*ttNC*ttNC*ttNC*ttNG*ttNG*ttNG*ttNG*tmNG*cmCA*dtCA*ttCA*ttCA*ttCBCttCBCttCBCttCBCttCCCttCCCttCCCttCCCtmCCCc
mBABdtBABttBABttBABttBBBttBBBttBBBttBD*ttBD*ttBD*ttBD*ttBD*tmBD*cmNC*dtNC*ttNC*ttNC*ttNC*ttNG*ttNG*ttNG*ttNG*tmNG*cmCA*dtCA*ttCA*ttCA*ttCBCttCBCttCBCttCBCttCCCttCCCttCCCttCCCtmCCCc
mBCBdtBCBttBCBttBCBttBBBttBBBttBBBttBBBttBE*ttBE*ttBE*ttBE*tpBE*ppND*qtND*ttND*ttND*ttND*ttNH*ttNH*ttNH*ttNH*tpNH*ppCA*qtCA*ttCA*ttCA*ttCBCttCBCttCBCttCBCttCCCttCCCttCCCtmCCCjmCCCe
mBCBdtBCBttBCBttBCBttBBBttBBBttBBBttBBBttBE*ttBE*ttBE*ttBE*tmBE*cmND*dtND*ttND*ttND*ttND*ttNH*ttNH*ttNH*ttNH*tmNH*cmCD*dtCD*ttCD*ttCD*ttCBCttCBCttCBCttCBCttCECttCECttCECtmCECcmCECm
mBCBfmBCBitBCBttBCBttBCBtmBBBjmBBBamBBBitBE*ttBE*ttBE*ttBE*tmBE*cmND*dtND*ttND*ttND*ttND*ttNH*ttNH*ttNH*ttNH*tmNH*cmCD*dtCD*ttCD*ttCD*ttCBCttCBCttCBCttCBCttCECttCECttCECtmCECcmCECm
mBCBmmBCBdtBCBttBCBttBCBtmBBBcmBBBmmBBBdtBE*ttBE*ttBE*tmBE*jmBE*emND*dtND*ttND*ttND*ttND*ttNH*ttNH*ttNH*ttNH*tmNH*cmCD*dtCD*ttCD*ttCD*tmCBCjmCBCitCBCttCBCttCECttCECttCECtmCECcmCECm
mBCBmmBCBdtBCBttBCBttBCBtmBBBcmBBBmmBBBdtBE*ttBE*ttBE*tmBE*cmBE*mmND*fmND*amND*amND*amND*amNH*amNH*amNH*amNH*amNH*emCD*dtCD*ttCD*tmCD*jmCBCemCBCdtCBCttCBCttCECttCECtmCECjmCECemCECm
mBCBmmBCBdtBCBttBCBttBCBtmBBBcmBBBmmBBBfmBE*amBE*amBE*amBE*emBE*mmND*mmND*mmND*mmND*mmND*mmNH*mmNH*mmNH*mmNH*mmNH*mmCD*dtCD*ttCD*tmCD*cmCBCmmCBCfmCBCamCBCitCECttCECtmCECcmCECmmCECm
mBCBmmBCBfmBCBamBCBamBCBamBBBemBBBmmBBBmmBE*mmBE*mmBE*mmBE*mmBE*mmND*mmND*mmND*mmND*mmND*mmNH*mmNH*mmNH*mmNH*mmNH*mmCD*fmCD*amCD*amCD*emCBCmmCBCmmCBCmmCBCfmCECamCECamCECemCECmmCECm
EOM
BEGIN 15000
CITY 1000
MIN 2
MAX 4
DATE 28/4/2006
INFO Map de la chiasse
UNIT 6 A 6,3 1000
UNIT 7 A 3,9 2000
UNIT 6 A 6,7 1000
UNIT 1 A 6,3 1000
UNIT 1 A 6,7 1000
UNIT 1 A 3,9 1000
UNIT 7 B 2,13 2000
UNIT 6 B 3,18 1000
UNIT 6 B 6,15 1000
UNIT 1 B 2,13 1000
UNIT 1 B 6,15 1000
UNIT 1 B 3,18 1000
UNIT 6 C 29,16 1000
UNIT 6 C 32,18 1000
UNIT 7 C 32,12 2000
UNIT 1 C 32,12 1000
UNIT 1 C 29,16 1000
UNIT 1 C 32,18 1000
UNIT 7 D 31,3 2000
UNIT 6 D 32,7 1000
UNIT 6 D 28,5 1000
UNIT 1 D 31,3 1000
UNIT 1 D 28,5 1000
UNIT 1 D 32,7 1000
UNIT 6 * 9,17 1000
UNIT 6 * 15,13 1000
UNIT 6 * 15,17 1000
UNIT 6 * 20,17 1000
UNIT 6 * 20,13 1000
UNIT 6 * 15,7 1000
UNIT 6 * 15,3 1000
UNIT 6 * 20,3 1000
UNIT 6 * 20,7 1000
UNIT 6 * 25,2 1000
UNIT 6 * 25,13 1000
UNIT 6 * 25,18 1000
UNIT 6 * 27,9 1000
UNIT 1 * 9,17 1000
UNIT 1 * 9,12 1000
UNIT 1 * 15,17 1000
UNIT 1 * 15,13 1000
UNIT 1 * 20,13 1000
UNIT 1 * 20,17 1000
UNIT 1 * 15,3 1000
UNIT 1 * 20,3 1000
UNIT 1 * 15,7 1000
UNIT 1 * 20,7 1000
UNIT 1 * 25,2 1000
UNIT 1 * 27,9 1000
UNIT 1 * 25,13 1000
UNIT 1 * 25,18 1000
UNIT 6 * 9,12 1000
UNIT 6 * 9,5 1000
UNIT 1 * 9,5 1000
UNIT 6 * 11,8 1000
UNIT 1 * 11,8 1000
