# Veuillez ne pas éditer le fichier map à la main.
# Utilisez plutôt l'éditeur de carte intégré au jeu.
NAME Sodomie a sec
PLAYER A
PLAYER B
X 20
Y 15
MAP
mAAAmmAAAgmAAAbmAAAbmAAAbmAB*bmAB*bmAB*bmAB*hmAB*mmBA*mmBA*gmBA*bmBA*bmBA*bmBBBbmBBBbmBBBbmBBBhmBBBm
mAAAgmAAAktAAAttAAAttAAAttAB*ttAB*ttAB*tmAB*lmAB*hmBA*gmBA*ktBA*ttBA*ttBA*ttBBBttBBBttBBBtmBBBlmBBBh
mAAAdtAAAttAAAttAAAttAAAttAB*ttAB*ttAB*ttAB*tmAB*cmBA*dtBA*ttBA*ttBA*ttBA*ttBBBttBBBttBBBttBBBtmBBBc
mAAAdtAAAttAAAttAAAttAAAttAB*ttAB*ttAB*ttAB*tpAB*ppBA*qtBA*ttBA*ttBA*ttBA*ttBBBttBBBttBBBttBBBtmBBBc
mAAAdtAAAttAAAttAAAttAAAttAB*ttAB*ttAB*ttAB*tmAB*cmBA*dtBA*ttBA*ttBA*ttBA*ttBBBttBBBttBBBttBBBtmBBBc
mACAdtACAttACAttACAttACAttAE*ttAE*ttAE*tmAE*jmAE*emBD*fmBD*itBD*ttBD*ttBD*ttBCBttBCBttBCBttBCBtmBCBc
mACAdtACAttACAttACAttACAttAE*ttAE*ttAE*tmAE*lmAE*bmBD*bmBD*ktBD*ttBD*ttBD*ttBCBttBCBttBCBttBCBtmBCBc
mACAdtACAttACAttACAttACAttAE*ttAE*ttAE*ttAE*ttAE*ttBD*ttBD*ttBD*ttBD*ttBD*ttBCBttBCBttBCBttBCBtmBCBc
mACAdtACAttACAttACAttACAttAE*ttAE*ttAE*tmAE*jmAE*amBD*amBD*itBD*ttBD*ttBD*ttBCBttBCBttBCBttBCBtmBCBc
mACAdtACAttACAttACAttACAttAE*ttAE*ttAE*tmAE*lmAE*hmBD*gmBD*ktBD*ttBD*ttBD*ttBCBttBCBttBCBttBCBtmBCBc
mADAdtADAttADAttADAttADAttAF*ttAF*ttAF*ttAF*tmAF*cmBE*dtBE*ttBE*ttBE*ttBE*ttBFBttBFBttBFBttBFBtmBFBc
mADAdtADAttADAttADAttADAttAF*ttAF*ttAF*ttAF*tpAF*ppBE*qtBE*ttBE*ttBE*ttBE*ttBFBttBFBttBFBttBFBtmBFBc
mADAdtADAttADAttADAttADAttAF*ttAF*ttAF*ttAF*tmAF*cmBE*dtBE*ttBE*ttBE*ttBE*ttBFBttBFBttBFBttBFBtmBFBc
mADAfmADAitADAttADAttADAttAF*ttAF*ttAF*tmAF*jmAF*emBE*fmBE*itBE*ttBE*ttBE*ttBFBttBFBttBFBtmBFBjmBFBe
mADAmmADAfmADAamADAamADAamAF*amAF*amAF*amAF*emAF*mmBE*mmBE*fmBE*amBE*amBE*amBFBamBFBamBFBamBFBemBFBm
EOM
BEGIN 15000
CITY 1000
MIN 2
MAX 2
DATE 20/5/2006
UNIT 6 A 3,2 1000
UNIT 1 A 3,2 1000
UNIT 7 A 2,7 2000
UNIT 1 A 2,7 1000
UNIT 1 A 2,12 1000
UNIT 6 A 2,12 1000
UNIT 3 A 2,5 1000
UNIT 7 B 17,7 2000
UNIT 1 B 17,7 1000
UNIT 1 B 16,2 1000
UNIT 6 B 16,2 1000
UNIT 6 B 17,12 1000
UNIT 1 B 17,12 1000
UNIT 3 B 17,9 1000
UNIT 6 * 7,4 1000
UNIT 1 * 7,4 1000
UNIT 6 * 6,8 1000
UNIT 1 * 6,8 1000
UNIT 6 * 12,4 1000
UNIT 1 * 12,4 1000
UNIT 6 * 13,8 1000
UNIT 1 * 13,8 1000
UNIT 6 * 7,12 1000
UNIT 1 * 7,12 1000
UNIT 6 * 12,12 1000
UNIT 1 * 12,12 1000
