# Veuillez ne pas éditer le fichier map à la main.
# Utilisez plutôt l'éditeur de carte intégré au jeu.
NAME Îlot
PLAYER A
PLAYER B
X 13
Y 9
MAP
mAAAmmAAAmmAAAgmAAAbmAAAbmAAAbmAAAhmBABgmBABbmBABbmBABbmBABhmBABm
mAAAmmAAAgmAAAktAAAttAAAttAAAtmAAAcmBABdtBABttBABttBABtmBABlmBABh
mAAAmmAAAdtAAAttAAAttAAAttAAAtmAAAcmBABdtBABttBABttBABttBABtmBABc
mABAmmABAdtABAttAAAttAAAttAAAtpAAAppBBBqtBBBttBBBttBBBttBBBtmBBBc
mABAmmABAdtABAttABAttABAttABAtmABAcmBBBdtBBBttBBBttBBBttBBBtmBBBc
mABAmmABAdtABAttABAttAC*ttAC*tmAC*cmBBBdtBBBttBC*ttBBBttBBBtmBBBc
mABAmmABAfmAC*amAC*itAC*ttAC*tmAC*cmBC*fmBC*itBC*ttBC*tmBC*jmBC*e
mABAmmAC*mmAC*mmAC*dtAC*ttAC*tmAC*lmBC*hmBC*dtBC*ttBC*tmBC*cmBC*m
mAC*mmAC*mmAC*mmAC*fmAC*amAC*amAC*amBC*emBC*fmBC*amBC*amBC*emBC*m
EOM
CITY 4000
MIN 2
MAX 2
DATE 13/8/1988
INFO C'est une ile minuscule qui accueil deux joueurs pour un combat rapide.
INFO 
INFO Cette map sent la moule fraiche.
INFO En effet elle présente une petite ile de merde
INFO où il n'y a que deux joueurs.
INFO Oui, elle ne sert à rien !
INFO 
INFO En effet, c'est une map de test !
INFO 
INFO Bon encore quelques lignes,
INFO juste histoire de faire un
INFO peu déborder le TMemo !!
INFO 
INFO Ça detrait être bon là, non ?
INFO Allez, stop !!!
INFO 
INFO Note: ça pue
UNIT 6 A 4,1 1000
UNIT 1 A 4,1 1000
UNIT 3 A 4,2 1000
UNIT 2 A 3,2 500
UNIT 13 A 3,1 1000
UNIT 7 A 3,4 2000
UNIT 1 A 3,4 1000
UNIT 3 A 3,5 1000
UNIT 2 A 2,5 500
UNIT 13 A 2,4 1000
UNIT 6 B 9,1 1000
UNIT 1 B 9,1 1000
UNIT 1 B 11,4 1000
UNIT 7 B 11,4 2000
UNIT 3 B 11,5 1000
UNIT 2 B 10,5 500
UNIT 13 B 10,4 1000
UNIT 2 B 8,2 500
UNIT 3 B 9,2 1000
UNIT 13 B 8,1 1000
UNIT 3 * 5,7 1000
UNIT 3 * 10,7 1000
UNIT 2 * 4,7 500
UNIT 6 * 5,6 1000
UNIT 1 * 5,6 1000
UNIT 13 * 4,6 1000
UNIT 6 * 10,6 1000
UNIT 1 * 10,6 1000
UNIT 2 * 9,7 500
UNIT 13 * 9,6 1000
